// TUI Test Snapshot v1

exports[`cline interactive basics › matches terminal snapshot | 1`] = String.raw`
╭────────────────────────────────────────────────────────────────────────────────────────────────────────────────────────╮
│                                                           @@                                                           │
│                                                         @@@@@@                                                         │
│                                                    @@@@@@@@@@@@@@@@                                                    │
│                                                  @@@@@@@@@@@@@@@@@@@@                                                  │
│                                                 @@@@@@@@@@@@@@@@@@@@@@                                                 │
│                                                 @@@@@    @@@@    @@@@@                                                 │
│                                               @@@@@@     *@@@     @@@@@@                                               │
│                                               @@@@@@     *@@@     @@@@@@                                               │
│                                                 @@@@@    @@@@.   @@@@@                                                 │
│                                                 @@@@@@@@@@@@@@@@@@@@@@                                                 │
│                                                  @@@@@@@@@@@@@@@@@@@@                                                  │
│                                                    @@@@@@@@@@@@@@@@.                                                   │
│                                                                                                                        │
│                                                 What can I do for you?                                                 │
│                                                                                                                        │
│╭──────────────────────────────────────────────────────────────────────────────────────────────────────────────────────╮│
││                                                                                                                      ││
│╰──────────────────────────────────────────────────────────────────────────────────────────────────────────────────────╯│
│ / for commands · @ for files                                                                        ○ Plan ● Act (Tab) │
│ anthropic/claude-sonnet-4.6 ████████ (0) | $0.000                                                                      │
│ cli                                                                                                                    │
│ Auto-approve all disabled (Shift+Tab)                                                                                  │
│                                                                                                                        │
│                                                                                                                        │
│                                                                                                                        │
│                                                                                                                        │
│                                                                                                                        │
│                                                                                                                        │
│                                                                                                                        │
│                                                                                                                        │
│                                                                                                                        │
│                                                                                                                        │
│                                                                                                                        │
│                                                                                                                        │
│                                                                                                                        │
│                                                                                                                        │
│                                                                                                                        │
│                                                                                                                        │
│                                                                                                                        │
│                                                                                                                        │
│                                                                                                                        │
│                                                                                                                        │
│                                                                                                                        │
│                                                                                                                        │
│                                                                                                                        │
│                                                                                                                        │
│                                                                                                                        │
│                                                                                                                        │
│                                                                                                                        │
│                                                                                                                        │
╰────────────────────────────────────────────────────────────────────────────────────────────────────────────────────────╯
`;

