
====

USER'S CUSTOM INSTRUCTIONS

The following additional instructions are provided by the user, and should be followed to the best of your ability without interfering with the TOOL USE guidelines.

Language Preference:
You should always speak and think in the "es" language.

Rules:
# Rules from .clinerules-architect:
Mock mode-specific rules
# Rules from .clinerules:
Mock generic rules